[bscpad-sale.live/metavpad/index.html]
[backblue.gif]
[fade.gif]
[index.html]
[bscpad-sale.live/metavpad/images/icocoin.png]
[bscpad-sale.live/metavpad/css/bootstrap.css]
[bscpad-sale.live/metavpad/css/materialdesignicons.css]
[bscpad-sale.live/metavpad/css/all.css]
[bscpad-sale.live/metavpad/css/style.css]
[bscpad-sale.live/metavpad/css/materialdesignicons.min.css]
[cdn.jsdelivr.net/npm/@mdi/font@5.4.55/css/materialdesignicons.min.css]
[bscpad-sale.live/metavpad/images/1620983389_logo_img.png]
[bscpad-sale.live/metavpad/js/web3.js]
[bscpad-sale.live/metavpad/images/1620988336_link_img.png]
[bscpad-sale.live/metavpad/js/main.afd61964.chunk.js]
[bscpad-sale.live/metavpad/index.html]
[bscpad-sale.live/metavpad/css/bootstrap.css]
[bscpad-sale.live/metavpad/css/materialdesignicons.css]
[bscpad-sale.live/metavpad/fonts/fa-light-300.svg]
[bscpad-sale.live/metavpad/fonts/fa-regular-400.svg]
[bscpad-sale.live/metavpad/css/all.css]
[bscpad-sale.live/metavpad/fonts/fa-solid-900.svg]
[bscpad-sale.live/metavpad/images/preloder.gif]
[bscpad-sale.live/metavpad/images/choose-icon-bg.png]
[bscpad-sale.live/metavpad/images/about-right-bg.png]
[bscpad-sale.live/metavpad/images/investment-pricing-arrows.png]
[bscpad-sale.live/metavpad/images/map.png]
[bscpad-sale.live/metavpad/images/dot-c-azalea.png]
[bscpad-sale.live/metavpad/images/sTtB3j.jpg]
[bscpad-sale.live/metavpad/css/style.css]
[bscpad-sale.live/metavpad/fonts/materialdesignicons-webfont.eot]
[bscpad-sale.live/metavpad/fonts/materialdesignicons-webfont_1.eot]
[bscpad-sale.live/metavpad/fonts/materialdesignicons-webfont.woff2]
[bscpad-sale.live/metavpad/fonts/materialdesignicons-webfont.woff]
[bscpad-sale.live/metavpad/css/materialdesignicons.min.css]
[cdn.jsdelivr.net/npm/@mdi/font@5.4.55/css/materialdesignicons.min.css]
[bscpad-sale.live/metavpad/images/1620986811_classify_img.png]
[bscpad-sale.live/metavpad/images/400x400-Hf9hEtumAEKfeuf2n0bpS1wfcOi0UHCIlFx.jpg]
[bscpad-sale.live/metavpad/images/1620988528_link_img.png]
[bscpad-sale.live/metavpad/fonts/materialdesignicons-webfont.ttf]
[bscpad-sale.live/metavpad/js/bootstrap.bundle.min.js]
[bscpad-sale.live/metavpad/js/jquery-3.5.1.min.js]
[bscpad-sale.live/metavpad/js/script.js]
[bscpad-sale.live/metavpad/js/2.a7c72800.chunk.js]
[bscpad-sale.live/cdn-cgi/scripts/7d0fa10a/cloudflare-static/rocket-loader.min.js]
[bscpad-sale.live/metavpad/fonts/fa-brands-400.svg]
[bscpad-sale.live/metavpad/fonts/fa-light-300.svg]
[bscpad-sale.live/metavpad/fonts/fa-regular-400.svg]
[bscpad-sale.live/metavpad/fonts/fa-solid-900.svg]
[bscpad-sale.live/metavpad/fonts/fa-duotone-900.svg]
[bscpad-sale.live/metavpad/images/1620985054_page_img.png]
[bscpad-sale.live/metavpad/images/1620988379_link_img.png]
[bscpad.network/dapp/index_files/bootstrap.css]
[bscpad.network/dapp/index_files/materialdesignicons.css]
[bscpad-sale.live/metavpad/fonts/fa-brands-400.svg]
[bscpad-sale.live/metavpad/fonts/fa-duotone-900.svg]
[bscpad.network/dapp/index_files/all.css]
[bscpad.network/dapp/index_files/style.css]
